#
# There is insufficient memory for the Java Runtime Environment to continue.
# Native memory allocation (mmap) failed to map 1998848 bytes for G1 virtual space
# Possible reasons:
#   The system is out of physical RAM or swap space
#   The process is running with CompressedOops enabled, and the Java Heap may be blocking the growth of the native heap
# Possible solutions:
#   Reduce memory load on the system
#   Increase physical memory or swap space
#   Check if swap backing store is full
#   Decrease Java heap size (-Xmx/-Xms)
#   Decrease number of Java threads
#   Decrease Java thread stack sizes (-Xss)
#   Set larger code cache with -XX:ReservedCodeCacheSize=
#   JVM is running with Unscaled Compressed Oops mode in which the Java heap is
#     placed in the first 4GB address space. The Java Heap base address is the
#     maximum limit for the native heap growth. Please use -XX:HeapBaseMinAddress
#     to set the Java Heap base and to place the Java Heap above 4GB virtual address.
# This output file may be truncated or incomplete.
#
#  Out of Memory Error (os_windows.cpp:3550), pid=12764, tid=29548
#
# JRE version:  (17.0.7+8) (build )
# Java VM: Java HotSpot(TM) 64-Bit Server VM (17.0.7+8-LTS-224, mixed mode, sharing, tiered, compressed oops, compressed class ptrs, g1 gc, windows-amd64)
# No core dump will be written. Minidumps are not enabled by default on client versions of Windows
#

---------------  S U M M A R Y ------------

Command Line: -Dnet.bytebuddy.agent.attacher.dump= net.bytebuddy.agent.Attacher com.sun.tools.attach.VirtualMachine 27912 C:\Users\an_ke\.m2\repository\net\bytebuddy\byte-buddy-agent\1.17.8\byte-buddy-agent-1.17.8.jar false 

Host: 11th Gen Intel(R) Core(TM) i3-1115G4 @ 3.00GHz, 4 cores, 7G,  Windows 11 , 64 bit Build 26100 (10.0.26100.8246)
Time: Fri Apr 17 18:21:39 2026 Mountain Daylight Time elapsed time: 0.022106 seconds (0d 0h 0m 0s)

---------------  T H R E A D  ---------------

Current thread (0x000001c1630cf1b0):  JavaThread "Unknown thread" [_thread_in_vm, id=29548, stack(0x000000957ab00000,0x000000957ac00000)]

Stack: [0x000000957ab00000,0x000000957ac00000]
Native frames: (J=compiled Java code, j=interpreted, Vv=VM code, C=native code)
V  [jvm.dll+0x676a4a]
V  [jvm.dll+0x7d74f4]
V  [jvm.dll+0x7d8c9e]
V  [jvm.dll+0x7d9303]
V  [jvm.dll+0x2452c5]
V  [jvm.dll+0x6738f9]
V  [jvm.dll+0x668232]
V  [jvm.dll+0x302826]
V  [jvm.dll+0x309da6]
V  [jvm.dll+0x359558]
V  [jvm.dll+0x35975f]
V  [jvm.dll+0x2d9a38]
V  [jvm.dll+0x2da9a4]
V  [jvm.dll+0x7a8fb1]
V  [jvm.dll+0x3670e1]
V  [jvm.dll+0x788359]
V  [jvm.dll+0x3ea5ef]
V  [jvm.dll+0x3ec071]
C  [jli.dll+0x5297]
C  [ucrtbase.dll+0x37b0]
C  [KERNEL32.DLL+0x2e8d7]
C  [ntdll.dll+0x8c3fc]


---------------  P R O C E S S  ---------------

Threads class SMR info:
_java_thread_list=0x00007ffce2de4998, length=0, elements={
}

Java Threads: ( => current thread )

Other Threads:
  0x000001c163125d20 GCTaskThread "GC Thread#0" [stack: 0x0000000000000000,0x0000000000000000] [id=28016]
  0x000001c163137d90 ConcurrentGCThread "G1 Main Marker" [stack: 0x000000957ad00000,0x000000957ae00000] [id=27884]
  0x000001c16313b290 ConcurrentGCThread "G1 Conc#0" [stack: 0x0000000000000000,0x0000000000000000] [id=4468]

[error occurred during error reporting (printing all threads), id 0xc0000005, EXCEPTION_ACCESS_VIOLATION (0xc0000005) at pc=0x00007ffce261a697]

VM state: not at safepoint (not fully initialized)

VM Mutex/Monitor currently owned by a thread:  ([mutex/lock_event])
[0x000001c1630c9fd0] Heap_lock - owner thread: 0x000001c1630cf1b0

Heap address: 0x0000000087000000, size: 1936 MB, Compressed Oops mode: 32-bit

CDS archive(s) mapped at: [0x0000000000000000-0x0000000000000000-0x0000000000000000), size 0, SharedBaseAddress: 0x0000000800000000, ArchiveRelocationMode: 0.
Narrow klass base: 0x0000000000000000, Narrow klass shift: 0, Narrow klass range: 0x0

GC Precious Log:
<Empty>

Heap:
 garbage-first heap   total 0K, used 0K [0x0000000087000000, 0x0000000100000000)
  region size 1024K, 0 young (0K), 0 survivors (0K)

[error occurred during error reporting (printing heap information), id 0xc0000005, EXCEPTION_ACCESS_VIOLATION (0xc0000005) at pc=0x00007ffce2a000b9]

GC Heap History (0 events):
No events

Deoptimization events (0 events):
No events

Classes unloaded (0 events):
No events

Classes redefined (0 events):
No events

Internal exceptions (0 events):
No events

VM Operations (0 events):
No events

Events (1 events):
Event: 0.012 Loaded shared library C:\Program Files\Java\jdk-17.0.7\bin\java.dll


Dynamic libraries:
0x00007ff6176c0000 - 0x00007ff6176d0000 	C:\Program Files\Java\jdk-17.0.7\bin\java.exe
0x00007ffdbee40000 - 0x00007ffdbf0a7000 	C:\WINDOWS\SYSTEM32\ntdll.dll
0x00007ffdbdcb0000 - 0x00007ffdbdd79000 	C:\WINDOWS\System32\KERNEL32.DLL
0x00007ffdbba60000 - 0x00007ffdbbe54000 	C:\WINDOWS\System32\KERNELBASE.dll
0x00007ffdbc090000 - 0x00007ffdbc1db000 	C:\WINDOWS\System32\ucrtbase.dll
0x00007ffd70120000 - 0x00007ffd70139000 	C:\Program Files\Java\jdk-17.0.7\bin\jli.dll
0x00007ffdbe940000 - 0x00007ffdbe9f6000 	C:\WINDOWS\System32\ADVAPI32.dll
0x00007ffdbed50000 - 0x00007ffdbedf9000 	C:\WINDOWS\System32\msvcrt.dll
0x00007ffdbd070000 - 0x00007ffdbd117000 	C:\WINDOWS\System32\sechost.dll
0x00007ffdbccd0000 - 0x00007ffdbcde8000 	C:\WINDOWS\System32\RPCRT4.dll
0x00007ffdbcea0000 - 0x00007ffdbd065000 	C:\WINDOWS\System32\USER32.dll
0x00007ffdbcb10000 - 0x00007ffdbcb37000 	C:\WINDOWS\System32\win32u.dll
0x00007ffdbd4b0000 - 0x00007ffdbd4db000 	C:\WINDOWS\System32\GDI32.dll
0x00007ffdbb930000 - 0x00007ffdbba5b000 	C:\WINDOWS\System32\gdi32full.dll
0x00007ffdbbfe0000 - 0x00007ffdbc083000 	C:\WINDOWS\System32\msvcp_win.dll
0x00007ffd70140000 - 0x00007ffd7015b000 	C:\Program Files\Java\jdk-17.0.7\bin\VCRUNTIME140.dll
0x00007ffda3710000 - 0x00007ffda39a3000 	C:\WINDOWS\WinSxS\amd64_microsoft.windows.common-controls_6595b64144ccf1df_6.0.26100.8115_none_3e075c82e3354f9c\COMCTL32.dll
0x00007ffda8270000 - 0x00007ffda827b000 	C:\WINDOWS\SYSTEM32\VERSION.dll
0x00007ffdbeb50000 - 0x00007ffdbeb82000 	C:\WINDOWS\System32\IMM32.DLL
0x00007ffd71eb0000 - 0x00007ffd71ebc000 	C:\Program Files\Java\jdk-17.0.7\bin\vcruntime140_1.dll
0x00007ffd6e1a0000 - 0x00007ffd6e22e000 	C:\Program Files\Java\jdk-17.0.7\bin\msvcp140.dll
0x00007ffce2330000 - 0x00007ffce2f0d000 	C:\Program Files\Java\jdk-17.0.7\bin\server\jvm.dll
0x00007ffdbed40000 - 0x00007ffdbed48000 	C:\WINDOWS\System32\PSAPI.DLL
0x00007ffd9ed40000 - 0x00007ffd9ed4a000 	C:\WINDOWS\SYSTEM32\WSOCK32.dll
0x00007ffdbdac0000 - 0x00007ffdbdb40000 	C:\WINDOWS\System32\WS2_32.dll
0x00007ffdb97b0000 - 0x00007ffdb97e6000 	C:\WINDOWS\SYSTEM32\WINMM.dll
0x00007ffdba4a0000 - 0x00007ffdba4bb000 	C:\WINDOWS\SYSTEM32\kernel.appcore.dll
0x00007ffd70110000 - 0x00007ffd7011a000 	C:\Program Files\Java\jdk-17.0.7\bin\jimage.dll
0x00007ffdb9520000 - 0x00007ffdb9762000 	C:\WINDOWS\SYSTEM32\DBGHELP.DLL
0x00007ffdbd120000 - 0x00007ffdbd4a2000 	C:\WINDOWS\System32\combase.dll
0x00007ffdbdbd0000 - 0x00007ffdbdca8000 	C:\WINDOWS\System32\OLEAUT32.dll
0x00007ffdb9770000 - 0x00007ffdb97ab000 	C:\WINDOWS\SYSTEM32\dbgcore.DLL
0x00007ffdbb710000 - 0x00007ffdbb7b5000 	C:\WINDOWS\System32\bcryptPrimitives.dll
0x00007ffd70070000 - 0x00007ffd70095000 	C:\Program Files\Java\jdk-17.0.7\bin\java.dll

dbghelp: loaded successfully - version: 4.0.5 - missing functions: none
symbol engine: initialized successfully - sym options: 0x614 - pdb path: .;C:\Program Files\Java\jdk-17.0.7\bin;C:\WINDOWS\SYSTEM32;C:\WINDOWS\WinSxS\amd64_microsoft.windows.common-controls_6595b64144ccf1df_6.0.26100.8115_none_3e075c82e3354f9c;C:\Program Files\Java\jdk-17.0.7\bin\server

VM Arguments:
jvm_args: -Dnet.bytebuddy.agent.attacher.dump= 
java_command: net.bytebuddy.agent.Attacher com.sun.tools.attach.VirtualMachine 27912 C:\Users\an_ke\.m2\repository\net\bytebuddy\byte-buddy-agent\1.17.8\byte-buddy-agent-1.17.8.jar false 
java_class_path (initial): C:\Users\an_ke\.m2\repository\net\bytebuddy\byte-buddy-agent\1.17.8\byte-buddy-agent-1.17.8.jar
Launcher Type: SUN_STANDARD

[Global flags]
     intx CICompilerCount                          = 3                                         {product} {ergonomic}
     uint ConcGCThreads                            = 1                                         {product} {ergonomic}
     uint G1ConcRefinementThreads                  = 4                                         {product} {ergonomic}
   size_t G1HeapRegionSize                         = 1048576                                   {product} {ergonomic}
    uintx GCDrainStackTargetSize                   = 64                                        {product} {ergonomic}
   size_t InitialHeapSize                          = 127926272                                 {product} {ergonomic}
   size_t MarkStackSize                            = 4194304                                   {product} {ergonomic}
   size_t MaxHeapSize                              = 2030043136                                {product} {ergonomic}
   size_t MinHeapDeltaBytes                        = 1048576                                   {product} {ergonomic}
   size_t MinHeapSize                              = 8388608                                   {product} {ergonomic}
    uintx NonNMethodCodeHeapSize                   = 5832780                                {pd product} {ergonomic}
    uintx NonProfiledCodeHeapSize                  = 122912730                              {pd product} {ergonomic}
    uintx ProfiledCodeHeapSize                     = 122912730                              {pd product} {ergonomic}
    uintx ReservedCodeCacheSize                    = 251658240                              {pd product} {ergonomic}
     bool SegmentedCodeCache                       = true                                      {product} {ergonomic}
   size_t SoftMaxHeapSize                          = 2030043136                             {manageable} {ergonomic}
     bool UseCompressedClassPointers               = true                           {product lp64_product} {ergonomic}
     bool UseCompressedOops                        = true                           {product lp64_product} {ergonomic}
     bool UseG1GC                                  = true                                      {product} {ergonomic}
     bool UseLargePagesIndividualAllocation        = false                                  {pd product} {ergonomic}

Logging:
Log output configuration:
 #0: stdout all=warning uptime,level,tags
 #1: stderr all=off uptime,level,tags

Environment Variables:
JAVA_HOME=C:\Program Files\Java\jdk-17.0.7
PATH=A:/sts4/sts-4.18.0.RELEASE//plugins/org.eclipse.justj.openjdk.hotspot.jre.full.win32.x86_64_23.0.1.v20241024-1700/jre/bin/server;A:/sts4/sts-4.18.0.RELEASE//plugins/org.eclipse.justj.openjdk.hotspot.jre.full.win32.x86_64_23.0.1.v20241024-1700/jre/bin;C:\Python313\Scripts\;C:\Python313\;C:\Program Files\Python312\Scripts\;C:\Program Files\Python312\;C:\Program Files\Java\jdk-17.0.7\bin;C:\Program Files\Apache\maven\apache-maven-3.9.9\bin;C:\WINDOWS\system32;C:\WINDOWS;C:\WINDOWS\System32\Wbem;C:\WINDOWS\System32\WindowsPowerShell\v1.0\;C:\WINDOWS\System32\OpenSSH\;C:\apache-tomcat-10.0.27\bin;C:\Program Files\Git\cmd;C:\Program Files\Docker\Docker\resources\bin;C:\ProgramData\chocolatey\bin;C:\Program Files\nodejs\;C:\Users\an_ke\AppData\Local\Microsoft\WindowsApps;C:\Program Files\MySQL\MySQL Server 8.0\bin;C:\msys64\ucrt64\bin;C:\Users\an_ke\AppData\Local\Programs\Microsoft VS Code\bin;C:\Users\an_ke\AppData\Roaming\npm;C:\Program Files\Apache\maven\apache-maven-3.9.9\bin;;A:\sts4\sts-4.18.0.RELEASE;
USERNAME=an_ke
OS=Windows_NT
PROCESSOR_IDENTIFIER=Intel64 Family 6 Model 140 Stepping 1, GenuineIntel



---------------  S Y S T E M  ---------------

OS:
 Windows 11 , 64 bit Build 26100 (10.0.26100.8246)
OS uptime: 1 days 8:22 hours
Hyper-V role detected

CPU: total 4 (initial active 4) (2 cores per cpu, 2 threads per core) family 6 model 140 stepping 1 microcode 0x86, cx8, cmov, fxsr, ht, mmx, 3dnowpref, sse, sse2, sse3, ssse3, sse4.1, sse4.2, popcnt, lzcnt, tsc, tscinvbit, avx, avx2, aes, erms, clmul, bmi1, bmi2, adx, avx512f, avx512dq, avx512cd, avx512bw, avx512vl, sha, fma, vzeroupper, avx512_vpopcntdq, avx512_vpclmulqdq, avx512_vaes, avx512_vnni, clflush, clflushopt, clwb, avx512_vbmi2, avx512_vbmi, hv

Memory: 4k page, system-wide physical 7739M (582M free)
TotalPageFile size 17570M (AvailPageFile size 18M)
current process WorkingSet (physical memory assigned to process): 12M, peak: 12M
current process commit charge ("private bytes"): 176M, peak: 178M

vm_info: Java HotSpot(TM) 64-Bit Server VM (17.0.7+8-LTS-224) for windows-amd64 JRE (17.0.7+8-LTS-224), built on Feb 28 2023 23:03:02 by "mach5one" with MS VC++ 17.1 (VS2022)

END.
